<html>
<body>
<pre>
<h1>µVision Build Log</h1>
<h2>Tool Versions:</h2>
IDE-Version: ¦ÌVision V5.16a
Copyright (C) 2015 ARM Ltd and ARM Germany GmbH. All rights reserved.
License Information: mm tengyu, Microsoft, LIC=FQQ9U-SI668-NRKXL-0NA80-13VT1-7EMPC
 
Tool Versions:
Toolchain:       MDK-ARM Professional  Version: 5.16a
Toolchain Path:  d:\Keil_v5\ARM\ARMCC\Bin
C Compiler:      Armcc.exe V5.06 (build 20)
Assembler:       Armasm.exe V5.06 (build 20)
Linker/Locator:  ArmLink.exe V5.06 (build 20)
Library Manager: ArmAr.exe V5.06 (build 20)
Hex Converter:   FromElf.exe V5.06 (build 20)
CPU DLL:         SARMCM3.DLL V5.16a
Dialog DLL:      DCM.DLL V1.13.2.0
Target DLL:      STLink\ST-LINKIII-KEIL_SWO.dll V2.0.17.0
Dialog DLL:      TCM.DLL V1.14.5.0
 
<h2>Project:</h2>
C:\Users\tengyu\Desktop\omni_navigation\Project\STM32F4.uvproj
Project File Date:  10/06/2016

<h2>Output:</h2>
*** Using Compiler 'V5.06 (build 20)', folder: 'd:\Keil_v5\ARM\ARMCC\Bin'
Build target 'STM32F4'
compiling clock.c...
..\User\USART3.h(55): warning:  #1295-D: Deprecated declaration send_odm_msg - give arg types
  void send_odm_msg();
..\Mylib\Shoot.h(43): warning:  #1-D: last line of file ends without a newline
  #endif
..\Mylib\Load_motor.h(19): warning:  #1-D: last line of file ends without a newline
  #endif
..\User\clock.c(44): warning:  #177-D: variable "i" was declared but never referenced
    int i;
..\User\clock.c: 4 warnings, 0 errors
linking...
Program Size: Code=15564 RO-data=424 RW-data=92 ZI-data=1428  
".\Objects\STM32F4.axf" - 0 Error(s), 4 Warning(s).
Build Time Elapsed:  00:00:02
</pre>
</body>
</html>
